
> my-project@0.1.0 build
> next build

node.exe : ΓÜá Warning: 
Next.js inferred your 
workspace root, but it 
may not be correct.
At line:1 char:1
+ & "C:\Program 
Files\nodejs/node.exe" 
"C:\Program 
Files\nodejs/node_mo ...
+ ~~~~~~~~~~~~~~~~~~~~~~~~
~~~~~~~~~~~~~~~~~~~~~~~~~~
~~~~~~~~~~~~~~~~~~~
    + CategoryInfo        
      : NotSpecified: (Γ  
  Üá Warning: Ne...not    
 be correct.:String) [    
], RemoteException
    + FullyQualifiedError 
   Id : NativeCommandErr  
  or
 
 We detected multiple 
lockfiles and selected 
the directory of 
C:\Users\Aida 
Z0NGO\pnpm-lock.yaml as 
the root directory.
 To silence this warning, 
set `turbopack.root` in 
your Next.js config, or 
consider removing one of 
the lockfiles if it's not 
needed.
   See https://nextjs.org/
docs/app/api-reference/con
fig/next-config-js/turbopa
ck#root-directory for 
more information.
 Detected additional 
lockfiles: 
   * C:\Users\Aida Z0NGO\D
ownloads\Mobile-money-flow
\package-lock.json

Γû▓ Next.js 16.1.6 (Turbopack)
- Environments: .env.local, .env

ΓÜá The "middleware" file 
convention is deprecated. 
Please use "proxy" 
instead. Learn more: https
://nextjs.org/docs/message
s/middleware-to-proxy
  Creating an optimized production build ...
Γ£ô Compiled successfully in 8.3s
  Skipping validation of types
  Collecting page data using 7 workers ...
  Generating static pages using 7 workers (0/25) ...
  Generating static pages using 7 workers (6/25) 
  Generating static pages using 7 workers (12/25) 
  Generating static pages using 7 workers (18/25) 
Γ£ô Generating static pages using 7 workers (25/25) in 1254.2ms
  Finalizing page optimization ...

Route (app)
Γöî Γùï /
Γö£ Γùï /_not-found
Γö£ Γùï /accounts
Γö£ Γùï /auth
Γö£ Γùï /budgets
Γö£ Γùï /dashboard
Γö£ Γùï /dashboard/admin
Γö£ Γùï /dashboard/aide
Γö£ Γùï /dashboard/budgets
Γö£ Γùï /dashboard/parametres
Γö£ Γùï /dashboard/profil
Γö£ Γùï /dashboard/revenus
Γö£ Γùï /dashboard/stats
Γö£ Γùï /dashboard/transactions
Γö£ Γùï /expenses
Γö£ Γùï /forgot-password
Γö£ Γùï /login
Γö£ Γùï /logout
Γö£ Γùï /onboarding
Γö£ Γùï /profile
Γö£ Γùï /register
Γö£ Γùï /revenues
Γö£ Γùï /settings
Γöö Γùï /statistics


╞Æ Proxy (Middleware)

Γùï  (Static)  prerendered as static content

